// Jest Snapshot v1, https://goo.gl/fbAQLP

exports[`Search should render correctly. 1`] = `
<div
  className="search-box"
>
  <input
    name="search-gif-input"
    onChange={[Function]}
    onKeyUp={[Function]}
    placeholder="Search..."
    type="text"
    value=""
  />
</div>
`;
